******************************************************************************
               TMS320C6x Linker PC v8.2.3                      
******************************************************************************
>> Linked Mon Jul  2 12:08:18 2018

OUTPUT FILE NAME:   <Delay.out>
ENTRY POINT SYMBOL: "_c_int00"  address: 11801a40


MEMORY CONFIGURATION

         name            origin    length      used     unused   attr    fill
----------------------  --------  ---------  --------  --------  ----  --------
  VECTORS               11800000   00000200  00000200  00000000  RWIX
  DSPRAM                11800200   0003fe00  00001ef8  0003df08  RWIX
  SHAREDRAM             80000000   00020000  00000000  00020000  RWIX
  SDRAM                 c0000000   08000000  000bb800  07f44800  RWIX


SEGMENT ALLOCATION MAP

run origin  load origin   length   init length attrs members
----------  ----------- ---------- ----------- ----- -------
11800000    11800000    00001c40   00001c40    r-x
  11800000    11800000    00000200   00000200    r-x vectors
  11800200    11800200    00001a40   00001a40    r-x .text
11801c40    11801c40    00000400   00000000    rw-
  11801c40    11801c40    00000400   00000000    rw- .stack
11802040    11802040    00000018   00000018    r--
  11802040    11802040    00000018   00000018    r-- .switch
11802058    11802058    00000030   00000000    rw-
  11802058    11802058    00000010   00000000    rw- .bss
  11802068    11802068    0000000c   00000000    rw- .fardata
  11802074    11802074    0000000c   00000000    rw- .neardata
  11802080    11802080    00000008   00000000    rw- .far
11802088    11802088    00000070   00000070    r--
  11802088    11802088    00000070   00000070    r-- .cinit
c0000000    c0000000    000bb800   00000000    rw-
  c0000000    c0000000    000bb800   00000000    rw- CE0


SECTION ALLOCATION MAP

 output                                  attributes/
section   page    origin      length       input sections
--------  ----  ----------  ----------   ----------------
vectors    0    11800000    00000200     
                  11800000    00000200     vectors.obj (vectors)

.neardata 
*          0    11802074    0000000c     UNINITIALIZED
                  11802074    00000008     ISRs_A.obj (.neardata)
                  1180207c    00000004     LCDK_Support_DSP.obj (.neardata)

.bss       0    11802058    00000010     UNINITIALIZED
                  11802058    00000004     (.common:xLeft)
                  1180205c    00000004     (.common:xRight)
                  11802060    00000004     (.common:yLeft)
                  11802064    00000004     (.common:yRight)

.cinit     0    11802088    00000070     
                  11802088    0000000e     (.cinit..neardata.load) [load image, compression = rle]
                  11802096    0000000d     (.cinit..fardata.load) [load image, compression = rle]
                  118020a3    0000000d     (.cinit.CE0.load) [load image, compression = rle]
                  118020b0    00000009     (.cinit..bss.load) [load image, compression = rle]
                  118020b9    00000009     (.cinit..far.load) [load image, compression = rle]
                  118020c2    00000002     --HOLE-- [fill = 0]
                  118020c4    00000008     (__TI_handler_table)
                  118020cc    00000004     --HOLE-- [fill = 0]
                  118020d0    00000028     (__TI_cinit_table)

.stack     0    11801c40    00000400     UNINITIALIZED
                  11801c40    00000008     rts6740_elf.lib : boot.obj (.stack)
                  11801c48    000003f8     --HOLE--

.text      0    11800200    00001a40     
                  11800200    00000de0     LCDK_Support_DSP.obj (.text)
                  11800fe0    00000280     ISRs_A.obj (.text:retain)
                  11801260    00000160     rts6740_elf.lib : autoinit.obj (.text:_auto_init_elf)
                  118013c0    00000100                     : copy_decompress_rle.obj (.text:__TI_decompress_rle_core)
                  118014c0    00000100                     : cpy_tbl.obj (.text:copy_in)
                  118015c0    000000e0                     : exit.obj (.text:exit)
                  118016a0    000000e0                     : memset.obj (.text:memset)
                  11801780    000000c0                     : divu.obj (.text:__divu)
                  11801840    000000c0                     : tls.obj (.text:tls:init:__TI_tls_init)
                  11801900    000000a0                     : remu.obj (.text:__remu)
                  118019a0    000000a0                     : memcpy64.obj (.text:memcpy)
                  11801a40    00000080                     : boot.obj (.text:_c_int00)
                  11801ac0    00000060     ISRs_A.obj (.text)
                  11801b20    00000040     rts6740_elf.lib : args_main.obj (.text:_args_main)
                  11801b60    00000020     StartUp.obj (.text)
                  11801b80    00000020     rts6740_elf.lib : startup.obj (.text:_system_post_cinit)
                  11801ba0    00000020                     : pre_init.obj (.text:_system_pre_init)
                  11801bc0    00000020                     : exit.obj (.text:abort)
                  11801be0    00000020                     : copy_decompress_none.obj (.text:decompress:none:__TI_decompress_none)
                  11801c00    00000020                     : copy_decompress_rle.obj (.text:decompress:rle24:__TI_decompress_rle24)
                  11801c20    00000020     main.obj (.text)

.switch    0    11802040    00000018     
                  11802040    00000018     LCDK_Support_DSP.obj (.switch:SetSampleRate_AIC3106)

.fardata   0    11802068    0000000c     UNINITIALIZED
                  11802068    0000000c     rts6740_elf.lib : exit.obj (.fardata)

.far       0    11802080    00000008     UNINITIALIZED
                  11802080    00000004     (.common:CodecDataIn)
                  11802084    00000004     (.common:CodecDataOut)

CE0        0    c0000000    000bb800     UNINITIALIZED
                  c0000000    000bb800     ISRs_A.obj (CE0)

MODULE SUMMARY

       Module                     code   ro data   rw data
       ------                     ----   -------   -------
    .\
       ISRs_A.obj                 736    0         768032 
       LCDK_Support_DSP.obj       3552   24        4      
       vectors.obj                512    0         0      
       StartUp.obj                32     0         0      
       main.obj                   32     0         0      
    +--+--------------------------+------+---------+---------+
       Total:                     4864   24        768036 
                                                          
    C:/ti/ccsv8/tools/compiler/ti-cgt-c6000_8.2.3/lib/rts6740_elf.lib
       autoinit.obj               352    0         0      
       copy_decompress_rle.obj    288    0         0      
       exit.obj                   256    0         12     
       cpy_tbl.obj                256    0         0      
       memset.obj                 224    0         0      
       divu.obj                   192    0         0      
       tls.obj                    192    0         0      
       memcpy64.obj               160    0         0      
       remu.obj                   160    0         0      
       boot.obj                   128    0         0      
       args_main.obj              64     0         0      
       copy_decompress_none.obj   32     0         0      
       pre_init.obj               32     0         0      
       startup.obj                32     0         0      
    +--+--------------------------+------+---------+---------+
       Total:                     2368   0         12     
                                                          
       Stack:                     0      0         1024   
       Linker Generated:          0      106       0      
    +--+--------------------------+------+---------+---------+
       Grand Total:               7232   130       769072 


LINKER GENERATED COPY TABLES

__TI_cinit_table @ 118020d0 records: 5, size/record: 8, table size: 40
	.neardata: load addr=11802088, load size=0000000e bytes, run addr=11802074, run size=0000000c bytes, compression=rle
	.fardata: load addr=11802096, load size=0000000d bytes, run addr=11802068, run size=0000000c bytes, compression=rle
	CE0: load addr=118020a3, load size=0000000d bytes, run addr=c0000000, run size=000bb800 bytes, compression=rle
	.bss: load addr=118020b0, load size=00000009 bytes, run addr=11802058, run size=00000010 bytes, compression=rle
	.far: load addr=118020b9, load size=00000009 bytes, run addr=11802080, run size=00000008 bytes, compression=rle


LINKER GENERATED HANDLER TABLE

__TI_handler_table @ 118020c4 records: 2, size/record: 4, table size: 8
	index: 0, handler: __TI_decompress_rle24
	index: 1, handler: __TI_decompress_none


GLOBAL SYMBOLS: SORTED ALPHABETICALLY BY Name 

address   name                           
-------   ----                           
118008f8  AIC3106_write_reg              
11801bc0  C$$EXIT                        
11800694  CheckForOverrun                
11802080  CodecDataIn                    
11802084  CodecDataOut                   
11800fe0  Codec_ISR                      
1180020c  DSP_Init                       
1180022c  DSP_Init_EDMA                  
1180042c  EnableInterrupts               
11800484  EnableInterrupts_EDMA          
11800200  GetSampleFreq                  
118003c4  InitDigitalOutputs             
1180024c  InitLEDs                       
118006c0  Init_AIC3106                   
118004f4  Init_I2C                       
118003f0  Init_Interrupts                
1180046c  Init_Interrupts_EDMA           
11800ab4  Init_McASP0                    
11800e34  Init_UART2                     
11800f74  IsDataReady_UART2              
11800fa0  IsTxReady_UART2                
11800f0c  Puts_UART2                     
1180064c  ReadCodecData                  
118003a8  ReadSwitches                   
11800f4c  Read_UART2                     
11800938  Reset_AIC3106                  
11800544  Reset_I2C                      
11800964  SetSampleRate_AIC3106          
11801b60  StartUp                        
1180066c  WriteCodecData                 
118003d0  WriteDigitalOutputs            
118002c0  WriteLEDs                      
11800568  Write_I2C                      
11800ee0  Write_UART2                    
11801ac0  ZeroBuffer                     
118020d0  __TI_CINIT_Base                
118020f8  __TI_CINIT_Limit               
118020c4  __TI_Handler_Table_Base        
118020cc  __TI_Handler_Table_Limit       
UNDEFED   __TI_INITARRAY_Base            
UNDEFED   __TI_INITARRAY_Limit           
11802040  __TI_STACK_END                 
00000400  __TI_STACK_SIZE                
11802058  __TI_STATIC_BASE               
UNDEFED   __TI_TLS_INIT_Base             
UNDEFED   __TI_TLS_INIT_Limit            
11802068  __TI_cleanup_ptr               
11801be0  __TI_decompress_none           
11801c00  __TI_decompress_rle24          
1180206c  __TI_dtors_ptr                 
11802070  __TI_enable_exit_profile_output
ffffffff  __TI_pprof_out_hndl            
ffffffff  __TI_prof_data_size            
ffffffff  __TI_prof_data_start           
11801840  __TI_tls_init                  
ffffffff  __binit__                      
11801780  __c6xabi_divu                  
11801900  __c6xabi_remu                  
ffffffff  __c_args__                     
11801780  __divu                         
11801900  __remu                         
11801b20  _args_main                     
11801260  _auto_init_elf                 
11801a40  _c_int00                       
11801c40  _stack                         
11801b80  _system_post_cinit             
11801ba0  _system_pre_init               
11801bc0  abort                          
ffffffff  binit                          
c0000000  buffer                         
118014c0  copy_in                        
118015c0  exit                           
11802078  gain                           
11801c20  main                           
118019a0  memcpy                         
118016a0  memset                         
11802074  oldest                         
118004c4  wait                           
11802058  xLeft                          
1180205c  xRight                         
11802060  yLeft                          
11802064  yRight                         


GLOBAL SYMBOLS: SORTED BY Symbol Address 

address   name                           
-------   ----                           
00000400  __TI_STACK_SIZE                
11800200  GetSampleFreq                  
1180020c  DSP_Init                       
1180022c  DSP_Init_EDMA                  
1180024c  InitLEDs                       
118002c0  WriteLEDs                      
118003a8  ReadSwitches                   
118003c4  InitDigitalOutputs             
118003d0  WriteDigitalOutputs            
118003f0  Init_Interrupts                
1180042c  EnableInterrupts               
1180046c  Init_Interrupts_EDMA           
11800484  EnableInterrupts_EDMA          
118004c4  wait                           
118004f4  Init_I2C                       
11800544  Reset_I2C                      
11800568  Write_I2C                      
1180064c  ReadCodecData                  
1180066c  WriteCodecData                 
11800694  CheckForOverrun                
118006c0  Init_AIC3106                   
118008f8  AIC3106_write_reg              
11800938  Reset_AIC3106                  
11800964  SetSampleRate_AIC3106          
11800ab4  Init_McASP0                    
11800e34  Init_UART2                     
11800ee0  Write_UART2                    
11800f0c  Puts_UART2                     
11800f4c  Read_UART2                     
11800f74  IsDataReady_UART2              
11800fa0  IsTxReady_UART2                
11800fe0  Codec_ISR                      
11801260  _auto_init_elf                 
118014c0  copy_in                        
118015c0  exit                           
118016a0  memset                         
11801780  __c6xabi_divu                  
11801780  __divu                         
11801840  __TI_tls_init                  
11801900  __c6xabi_remu                  
11801900  __remu                         
118019a0  memcpy                         
11801a40  _c_int00                       
11801ac0  ZeroBuffer                     
11801b20  _args_main                     
11801b60  StartUp                        
11801b80  _system_post_cinit             
11801ba0  _system_pre_init               
11801bc0  C$$EXIT                        
11801bc0  abort                          
11801be0  __TI_decompress_none           
11801c00  __TI_decompress_rle24          
11801c20  main                           
11801c40  _stack                         
11802040  __TI_STACK_END                 
11802058  __TI_STATIC_BASE               
11802058  xLeft                          
1180205c  xRight                         
11802060  yLeft                          
11802064  yRight                         
11802068  __TI_cleanup_ptr               
1180206c  __TI_dtors_ptr                 
11802070  __TI_enable_exit_profile_output
11802074  oldest                         
11802078  gain                           
11802080  CodecDataIn                    
11802084  CodecDataOut                   
118020c4  __TI_Handler_Table_Base        
118020cc  __TI_Handler_Table_Limit       
118020d0  __TI_CINIT_Base                
118020f8  __TI_CINIT_Limit               
c0000000  buffer                         
ffffffff  __TI_pprof_out_hndl            
ffffffff  __TI_prof_data_size            
ffffffff  __TI_prof_data_start           
ffffffff  __binit__                      
ffffffff  __c_args__                     
ffffffff  binit                          
UNDEFED   __TI_INITARRAY_Base            
UNDEFED   __TI_INITARRAY_Limit           
UNDEFED   __TI_TLS_INIT_Base             
UNDEFED   __TI_TLS_INIT_Limit            

[82 symbols]
